[sbtechnosoft.com/foundation/index.html]
[backblue.gif]
[fade.gif]
[index.html]
[sbtechnosoft.com/foundation/images/favicon.ico]
[sbtechnosoft.com/foundation/index-2.html]
[sbtechnosoft.com/foundation/images/logo.png]
[sbtechnosoft.com/foundation/about-us.html]
[sbtechnosoft.com/foundation/faq.html]
[sbtechnosoft.com/foundation/our-team.html]
[sbtechnosoft.com/foundation/gallery.html]
[sbtechnosoft.com/foundation/coming-soon.html]
[sbtechnosoft.com/foundation/404.html]
[sbtechnosoft.com/foundation/services.html]
[sbtechnosoft.com/foundation/service-details.html]
[sbtechnosoft.com/foundation/projects.html]
[sbtechnosoft.com/foundation/blog.html]
[sbtechnosoft.com/foundation/blog-details.html]
[sbtechnosoft.com/foundation/images/banner1.jpg]
[sbtechnosoft.com/foundation/contact-us.html]
[sbtechnosoft.com/foundation/images/banner2.jpg]
[sbtechnosoft.com/foundation/images/banner3.jpg]
[sbtechnosoft.com/foundation/images/callout-icon1.png]
[sbtechnosoft.com/foundation/images/callout-icon2.png]
[sbtechnosoft.com/foundation/images/callout-icon3.png]
[sbtechnosoft.com/foundation/images/callout-icon4.png]
[sbtechnosoft.com/foundation/images/callout-icon5.png]
[sbtechnosoft.com/foundation/images/callout-icon6.png]
[sbtechnosoft.com/foundation/images/what-we-do-img1.jpg]
[sbtechnosoft.com/foundation/images/what-we-do-img2.jpg]
[sbtechnosoft.com/foundation/images/what-we-do-img3.jpg]
[sbtechnosoft.com/foundation/images/choose-icon1.png]
[sbtechnosoft.com/foundation/images/choose-icon2.png]
[sbtechnosoft.com/foundation/images/choose-icon3.png]
[sbtechnosoft.com/foundation/images/our-team1.jpg]
[sbtechnosoft.com/foundation/images/our-team2.jpg]
[sbtechnosoft.com/foundation/images/our-team3.jpg]
[sbtechnosoft.com/foundation/images/counter-icon1.png]
[sbtechnosoft.com/foundation/images/counter-icon2.png]
[sbtechnosoft.com/foundation/images/counter-icon3.png]
[sbtechnosoft.com/foundation/images/testimonials1.png]
[sbtechnosoft.com/foundation/assets/jquery/jquery-3.1.1.min.js]
[sbtechnosoft.com/foundation/assets/bootstrap/js/bootstrap.min.js]
[sbtechnosoft.com/foundation/assets/jquery/plugins.js]
[sbtechnosoft.com/foundation/assets/jquery/jquery.animateNumber.min.js]
[sbtechnosoft.com/foundation/assets/jquery/jquery.magnific-popup.min.js]
[sbtechnosoft.com/foundation/assets/owl-carousel/js/owl.carousel.js]
[sbtechnosoft.com/foundation/assets/wow/wow.min.js]
[sbtechnosoft.com/foundation/js/custom.js]
[sbtechnosoft.com/foundation/index.html]
[sbtechnosoft.com/foundation/assets/bootstrap/fonts/glyphicons-halflings-regular.eot]
[sbtechnosoft.com/foundation/assets/bootstrap/fonts/glyphicons-halflings-regular.woff2]
[sbtechnosoft.com/foundation/assets/bootstrap/fonts/glyphicons-halflings-regulard41d.eot]
[sbtechnosoft.com/foundation/assets/bootstrap/fonts/glyphicons-halflings-regular.woff]
[sbtechnosoft.com/foundation/assets/bootstrap/fonts/glyphicons-halflings-regular.ttf]
[sbtechnosoft.com/foundation/assets/bootstrap/css/bootstrap.min.css]
[sbtechnosoft.com/foundation/assets/font-awesome/fonts/fontawesome-webfont3e6e.eot]
[sbtechnosoft.com/foundation/assets/font-awesome/fonts/fontawesome-webfontd41d.eot]
[sbtechnosoft.com/foundation/assets/font-awesome/fonts/fontawesome-webfont3e6e.woff2]
[sbtechnosoft.com/foundation/assets/font-awesome/fonts/fontawesome-webfont3e6e.woff]
[sbtechnosoft.com/foundation/assets/font-awesome/fonts/fontawesome-webfont3e6e.ttf]
[sbtechnosoft.com/foundation/assets/font-awesome/css/font-awesome.min.css]
[sbtechnosoft.com/foundation/assets/linearicons/css/icon-font.min.css]
[sbtechnosoft.com/foundation/assets/animate/animate.css]
[sbtechnosoft.com/foundation/assets/owl-carousel/css/owl.carousel.css]
[sbtechnosoft.com/foundation/assets/owl-carousel/css/owl.theme.css]
[sbtechnosoft.com/foundation/assets/css/magnific-popup.css]
[sbtechnosoft.com/foundation/images/title-icon.png]
[sbtechnosoft.com/foundation/images/loader.gif]
[sbtechnosoft.com/foundation/images/free-consulting-bg.png]
[sbtechnosoft.com/foundation/images/title-icon-light.png]
[sbtechnosoft.com/foundation/images/experience-bg.jpg]
[sbtechnosoft.com/foundation/images/counters-bg.jpg]
[sbtechnosoft.com/foundation/images/breadcrumb-bg.png]
[sbtechnosoft.com/foundation/images/follow-img.jpg]
[sbtechnosoft.com/foundation/images/footer-bg.png]
[sbtechnosoft.com/foundation/css/style.css]
[sbtechnosoft.com/foundation/index-2.html]
[sbtechnosoft.com/foundation/images/about-img1.png]
[sbtechnosoft.com/foundation/images/about-img2.png]
[sbtechnosoft.com/foundation/about-us.html]
[sbtechnosoft.com/foundation/faq.html]
[sbtechnosoft.com/foundation/our-team.html]
[sbtechnosoft.com/foundation/images/gallery-img1.jpg]
[sbtechnosoft.com/foundation/images/gallery-img2.jpg]
[sbtechnosoft.com/foundation/images/gallery-img3.jpg]
[sbtechnosoft.com/foundation/images/gallery-img4.jpg]
[sbtechnosoft.com/foundation/images/gallery-img5.jpg]
[sbtechnosoft.com/foundation/images/gallery-img6.jpg]
[sbtechnosoft.com/foundation/images/gallery-img7.jpg]
[sbtechnosoft.com/foundation/images/gallery-img8.jpg]
[sbtechnosoft.com/foundation/images/gallery-img9.jpg]
[sbtechnosoft.com/foundation/gallery.html]
[sbtechnosoft.com/foundation/assets/jquery/jquery.plugin.min.js]
[sbtechnosoft.com/foundation/assets/jquery/jquery.countdown.min.js]
[sbtechnosoft.com/foundation/coming-soon.html]
[sbtechnosoft.com/foundation/404.html]
[sbtechnosoft.com/foundation/services.html]
[sbtechnosoft.com/foundation/service-details.html]
[sbtechnosoft.com/foundation/projects.html]
[sbtechnosoft.com/foundation/images/blog-img1.jpg]
[sbtechnosoft.com/foundation/images/blog-img2.jpg]
[sbtechnosoft.com/foundation/images/blog-img3.jpg]
[sbtechnosoft.com/foundation/images/blog-img4.jpg]
[sbtechnosoft.com/foundation/images/blog-img5.jpg]
[sbtechnosoft.com/foundation/images/blog-img6.jpg]
[sbtechnosoft.com/foundation/blog.html]
[sbtechnosoft.com/foundation/images/blog-img-big.jpg]
[sbtechnosoft.com/foundation/images/testimonials2.png]
[sbtechnosoft.com/foundation/images/testimonials3.png]
[sbtechnosoft.com/foundation/blog-details.html]
[sbtechnosoft.com/foundation/images/contact-head-img.jpg]
[sbtechnosoft.com/foundation/images/follow-icon.png]
[sbtechnosoft.com/foundation/images/contact-icon1.jpg]
[sbtechnosoft.com/foundation/images/contact-icon2.jpg]
[sbtechnosoft.com/foundation/images/contact-icon3.jpg]
[sbtechnosoft.com/foundation/contact-us.html]
[sbtechnosoft.com/foundation/images/banner1.jpg]
[sbtechnosoft.com/foundation/assets/bootstrap/fonts/glyphicons-halflings-regular.svg]
[sbtechnosoft.com/foundation/images/banner2.jpg]
[sbtechnosoft.com/foundation/assets/font-awesome/fonts/fontawesome-webfont3e6e.svg]
[sbtechnosoft.com/foundation/assets/owl-carousel/css/owl.video.play.html]
[sbtechnosoft.com/foundation/images/counters-bg.jpg]
[sbtechnosoft.com/foundation/images/service-detail-big.html]
[sbtechnosoft.com/foundation/images/about-img2.png]
[sbtechnosoft.com/foundation/images/about-img1.png]
